// Jest Snapshot v1, https://goo.gl/fbAQLP

<<<<<<< HEAD:src/js/__tests__/components/__snapshots__/ArticleList-test.js.snap
exports[`Should match the HeadLine Component 1`] = `
=======
exports[`HeadLine Component Should match the HeadLine Snapshot 1`] = `
>>>>>>> b9dc9b0694863370ad929e16726c66fd2aa8f6a3:__tests__/components/__snapshots__/ArticleList-test.js.snap
<ArticleList
  location={
    Object {
      "query": Object {
        "sorts": "top",
      },
    }
  }
  sorts="top"
>
  <div>
    <div
      className="container"
      id="articles"
    >
      <div
        className="row"
      >
        <div
          className="col m6"
        >
          <h1 />
        </div>
        <div
          className="col m6"
        >
          <div
            className="row"
          >
            <div
              className="col m4"
            >
              <h6
                className="sortBy"
                htmlFor="sortsBy"
              >
                Sort By
              </h6>
            </div>
            <div
              className="col m8"
            >
              <select
                className="browser-default input-field select"
                id="sortsBy"
                onChange={[Function]}
              />
            </div>
          </div>
        </div>
      </div>
      <div
        className="row"
      />
    </div>
  </div>
</ArticleList>
`;
