// Jest Snapshot v1, https://goo.gl/fbAQLP

exports[`Dropdown Component should match the Dropdown snapshot 1`] = `
<option
  value=""
/>
`;
