// Jest Snapshot v1, https://goo.gl/fbAQLP

<<<<<<< HEAD:src/js/__tests__/components/__snapshots__/Footer-test.js.snap
exports[`Should Match the Footer component 1`] = `
=======
exports[`Footer Component should match the footer snapshot 1`] = `
>>>>>>> b9dc9b0694863370ad929e16726c66fd2aa8f6a3:__tests__/components/__snapshots__/Footer-test.js.snap
<div
  className="footer"
>
  <p
    className="center-align"
  >
    Â© 2017 | E-News
  </p>
  <p
    className="center-align"
  >
    Developed by: Efekemo Eguonoghene
  </p>
</div>
`;
