// Jest Snapshot v1, https://goo.gl/fbAQLP

exports[`Headline Component 1`] = `
<ArticleList
  location={
    Object {
      "query": Object {
        "sorts": "top",
      },
    }
  }
  sorts="top"
>
  <div>
    <Nav
      imageURL=""
      info={
        Object {
          "imageURL": "",
          "name": "",
        }
      }
      name=""
    >
      <div>
        <nav>
          <div
            className="nav-wrapper teal lighten-1"
          >
            <a
              className="brand-logo logo"
              href="#!"
            >
              E-News
            </a>
            <a
              className="button-collapse"
              data-activates="mobile-demo"
              href="#!"
            >
              <img
                alt="profile"
                className="pic"
                src=""
              />
            </a>
            <ul
              className="right hide-on-med-and-down"
            >
              <li>
                <IndexLink
                  to="/"
                >
                  <Link
                    onlyActiveOnIndex={true}
                    style={Object {}}
                    to="/"
                  >
                    <a
                      onClick={[Function]}
                      style={Object {}}
                    >
                      Home
                    </a>
                  </Link>
                </IndexLink>
              </li>
              <li>
                <a
                  className="dropdown-button"
                  data-activates="dropdown1"
                  href="#"
                >
                  <i
                    className="material-icons right"
                  >
                    arrow_drop_down
                  </i>
                </a>
              </li>
              <ul
                className="dropdown-content"
                id="dropdown1"
              >
                <li>
                  <img
                    alt="profile"
                    className="pic"
                    src=""
                  />
                </li>
                <li
                  className="divider"
                />
                <li>
                  <Link
                    onClick={[Function]}
                    onlyActiveOnIndex={false}
                    style={Object {}}
                    to="/logout"
                  >
                    <a
                      onClick={[Function]}
                      style={Object {}}
                    >
                      Logout
                    </a>
                  </Link>
                </li>
              </ul>
            </ul>
            <ul
              className="side-nav"
              id="mobile-demo"
            >
              <li>
                <Link
                  onlyActiveOnIndex={false}
                  style={Object {}}
                  to="/"
                >
                  <a
                    onClick={[Function]}
                    style={Object {}}
                  >
                    Home
                  </a>
                </Link>
              </li>
              <li
                className="divider"
              />
              <li>
                 
                <Link
                  onClick={[Function]}
                  onlyActiveOnIndex={false}
                  style={Object {}}
                  to="/logout"
                >
                  <a
                    onClick={[Function]}
                    style={Object {}}
                  >
                    Logout
                  </a>
                </Link>
              </li>
            </ul>
          </div>
        </nav>
      </div>
    </Nav>
    <div
      className="container"
      id="articles"
    >
      <div
        className="row"
      >
        <div
          className="col m6"
        >
          <h1 />
        </div>
        <div
          className="col m6"
        >
          <div
            className="row"
          >
            <div
              className="col m4"
            >
              <h6
                className="sortBy"
                htmlFor="sortsBy"
              >
                Sort By
              </h6>
            </div>
            <div
              className="col m8"
            >
              <select
                className="browser-default input-field select"
                id="sortsBy"
                onChange={[Function]}
              />
            </div>
          </div>
        </div>
      </div>
      <div
        className="row"
      />
    </div>
    <Footer>
      <div
        className="footer"
      >
        <p
          className="center-align"
        >
          Â© 2017 | E-News
        </p>
        <p
          className="center-align"
        >
          Developed by: Efekemo Eguonoghene
        </p>
      </div>
    </Footer>
  </div>
</ArticleList>
`;
