// Jest Snapshot v1, https://goo.gl/fbAQLP

exports[`Dropdown component 1`] = `
<option
  value=""
/>
`;
