// Jest Snapshot v1, https://goo.gl/fbAQLP

exports[`Should Match the Footer component 1`] = `
<div
  className="footer"
>
  <p
    className="center-align"
  >
    Â© 2017 | E-News
  </p>
  <p
    className="center-align"
  >
    Developed by: Efekemo Eguonoghene
  </p>
</div>
`;
