// Jest Snapshot v1, https://goo.gl/fbAQLP

exports[`Component render a button 1`] = `
<div
  className="col s12 m6 l6 height"
>
  <div
    className="card card-panel hoverable"
  >
    <div
      className="card-image"
    >
      <img
        alt="Headline"
        src=""
      />
      <span
        className="card-title"
      >
        
      </span>
    </div>
    <div
      className="card-content"
    >
      <p
        className="truncate"
      >
        
      </p>
    </div>
    <div
      className="card-action"
    >
      <a
        href=""
        rel="noopener noreferrer"
        target="_blank"
      >
        View More
      </a>
    </div>
  </div>
</div>
`;

exports[`Headline Component 1`] = `
<Headlines
  location={
    Object {
      "query": Object {
        "sorts": "top",
      },
    }
  }
  sorts="top"
>
  <div>
    <Nav
      imageURL=""
      info={
        Object {
          "imageURL": "",
          "name": "",
        }
      }
      name=""
    >
      <div>
        <ul
          className="dropdown-content"
          id="dropdown1"
        >
          <li>
            <img
              alt="profile"
              className="pic"
              src=""
            />
          </li>
          <li
            className="divider"
          />
          <li>
            <Link
              onClick={[Function]}
              onlyActiveOnIndex={false}
              style={Object {}}
              to="/logout"
            >
              <a
                onClick={[Function]}
                style={Object {}}
              >
                Logout
              </a>
            </Link>
          </li>
        </ul>
        <nav>
          <div
            className="nav-wrapper teal lighten-1"
          >
            <a
              className="brand-logo"
              href="#!"
            >
              E-News
            </a>
            <a
              className="button-collapse"
              data-activates="mobile-demo"
              href="#!"
            >
              <img
                alt="profile"
                className="pic"
                src=""
              />
            </a>
            <ul
              className="right hide-on-med-and-down"
            >
              <li>
                <IndexLink
                  to="/"
                >
                  <Link
                    onlyActiveOnIndex={true}
                    style={Object {}}
                    to="/"
                  >
                    <a
                      onClick={[Function]}
                      style={Object {}}
                    >
                      Home
                    </a>
                  </Link>
                </IndexLink>
              </li>
              <li>
                <a
                  className="dropdown-button"
                  data-activates="dropdown1"
                  href="#!"
                >
                  <i
                    className="material-icons right"
                  >
                    arrow_drop_down
                  </i>
                </a>
              </li>
            </ul>
            <ul
              className="side-nav"
              id="mobile-demo"
            >
              <li>
                <Link
                  onlyActiveOnIndex={false}
                  style={Object {}}
                  to="/"
                >
                  <a
                    onClick={[Function]}
                    style={Object {}}
                  >
                    Home
                  </a>
                </Link>
              </li>
              <li
                className="divider"
              />
              <li>
                 
                <Link
                  onClick={[Function]}
                  onlyActiveOnIndex={false}
                  style={Object {}}
                  to="/logout"
                >
                  <a
                    onClick={[Function]}
                    style={Object {}}
                  >
                    Logout
                  </a>
                </Link>
              </li>
            </ul>
          </div>
        </nav>
      </div>
    </Nav>
    <div
      className="container"
      id="articles"
    >
      <div
        className="row"
      >
        <div
          className="col m8"
        >
          <h1 />
        </div>
        <div
          className="col m4"
        >
          <select
            className="browser-default input-field"
            onChange={[Function]}
          />
        </div>
      </div>
      <div
        className="row"
      />
    </div>
    <Footer>
      <div
        className="footer"
      >
        <p
          className="center-align"
        >
          Â© 2017 | E-News
        </p>
        <p
          className="center-align"
        >
          Developed by: Efekemo Eguonoghene
        </p>
      </div>
    </Footer>
  </div>
</Headlines>
`;
