// Jest Snapshot v1, https://goo.gl/fbAQLP

exports[`Home Component 1`] = `
<SourceList>
  <div
    className="container"
  >
    <div
      className="row"
    >
      <div
        className="col m8"
      >
        <input
          className="validate"
          id="sources"
          onChange={[Function]}
          placeholder="Search for sources"
          type="text"
        />
      </div>
    </div>
    <div
      className="row"
    >
      <div />
    </div>
  </div>
</SourceList>
`;
